// Jest Snapshot v1, https://goo.gl/fbAQLP

exports[`matches snapshot 1`] = `
<div
  class="row d-flex justify-content-center"
>
  <div
    class="col-md-7"
  >
    <br />
    <h3>
      Clinic 
      
    </h3>
    <h4>
      List of requested appointments
    </h4>
    <br />
    <table
      class="table table-hover "
      className="MuiTable-root"
    >
      <thead
        class="table-active"
        className="MuiTableHead-root"
      >
        <tr
          class="table-active"
          className="MuiTableRow-root MuiTableRow-head"
        >
          <th
            aria-sort={null}
            class="text-success cursor-pointer"
            className="MuiTableCell-root MuiTableCell-head"
            scope="col"
          >
            date and time
          </th>
          <th
            aria-sort={null}
            class="text-success cursor-pointer"
            className="MuiTableCell-root MuiTableCell-head"
            scope="col"
          >
            procedure
          </th>
          <th
            aria-sort={null}
            class="text-success cursor-pointer"
            className="MuiTableCell-root MuiTableCell-head"
            scope="col"
          >
            doctor
          </th>
          <th
            aria-sort={null}
            class="text-success cursor-pointer"
            className="MuiTableCell-root MuiTableCell-head"
            scope="col"
          >
            nurse
          </th>
          <th
            aria-sort={null}
            class="text-success cursor-pointer"
            className="MuiTableCell-root MuiTableCell-head"
            scope="col"
          >
            patient
          </th>
        </tr>
      </thead>
      <tbody
        className="MuiTableBody-root"
      />
    </table>
  </div>
</div>
`;
